[
["development", "software engineer"],
["creativity", "web developer"],
["data", "database"],
["hardware", "systems analyst"],
["networks", "network architect"],
["programming", "software developer"],
["design", "graphic designer"],
["communication", "technical writer"],
["analytics", "data analyst"],
["security", "cybersecurity specialist"],
["marketing", "digital marketer"],
["finance", "financial analyst"],
["management", "project manager"],
["healthcare", "medical doctor"],
["artistic", "fine artist"],
["problem-solving", "business analyst"],
["leadership", "executive manager"],
["teaching", "educator"],
["environmental", "environmental scientist"],
["mathematics", "mathematician"],
["programming", "game developer"],
["communication", "public relations specialist"],
["healthcare", "nurse practitioner"],
["design", "UX\/UI designer"],
["engineering", "civil engineer"],
["research", "research scientist"],
["media", "journalist"],
["counseling", "psychologist"],
["culinary", "chef"]
]
